
> prox@0.1.0 build
> next build

  Γû▓ Next.js 14.2.35

   Creating an optimized production build ...
node.exe :  Γ¿» not-found.js doesn't have a 
root layout. To fix this error, make sure 
every page has a root layout.
At line:1 char:1
+ & "D:\From PC/node.exe" "D:\From 
PC/node_modules/npm/bin/npm-cli.js"  ...
+ ~~~~~~~~~~~~~~~~~~~~~~~~~~~~~~~~~~~~~~~~~~
~~~~~~~~~~~~~~~~~~~~~~~~~~~
    + CategoryInfo          : NotSpecified: 
    ( Γ¿» not-found.... a root layout.:Str  
  ing) [], RemoteException
    + FullyQualifiedErrorId : NativeCommand 
   Error
 
